---
source: tests/frame_snapshots.rs
expression: highlight_mask(&terminal)
---
................................................................................
................................................................................
................................................................................
................................................................................
....#########...................................................................
................................................................................
................................................................................
................................................................................
................................................................................
................................................................................
.............~~~~~~~~~..........................................................
................................................................................
................................................................................
................................................................................
................................................................................
................................................................................
..........~~~~~~~~~.............................................................
................................................................................
................................................................................
................................................................................
................................................................................
................................................................................
................................................................................
................................................................................
