---
source: tests/frame_snapshots.rs
expression: "highlight_mask(&draw_app(&app, 80, 24))"
---
................................................................................
................................................................................
................................................................................
................................................................................
........................###########.............................................
................................................................................
................................................................................
................................................................................
................................................................................
................................................................................
................................................................................
................................................................................
................................................................................
................................................................................
................................................................................
................................................................................
................................................................................
................................................................................
................................................................................
................................................................................
................................................................................
................................................................................
................................................................................
................................................................................
