---
source: tests/frame_snapshots.rs
expression: "frame_with_help(80, 24, source)"
---
┌fixture.md────────────────────────────────────────────────────────────────────┐
│ Reading Markdown                                                             │
│ ────────────────                                                             │
│                                                                              │
│ A paragraph with emph┌ Help ──────────────────────────┐ome inline code, and  │
│ a relative link.     │ j / ↓         down a line      │                      │
│                      │ k / ↑         up a line        │                      │
│ │ A quotation that ru│ d             half page down   │easures, so the bar   │
│ │ prefix is exercised│ u             half page up     │                      │
│ │                    │ Space / PgDn  page down        │                      │
│ │ A second paragraph │ PgUp          page up          │                      │
│                      │ g / Home      top              │                      │
│ ─────────────────────│ G / End       bottom           │───────────────────── │
│                      │ r             reload from disk │                      │
│ Section Two          │ ?             this help        │                      │
│                      │ q / Ctrl-C    quit             │                      │
│ Another paragraph. A │                                │o exercise the        │
│ hard-split path:     │ Esc or ? to close              │                      │
│ https://example.com/a└────────────────────────────────┘t/fit                 │
│                                                                              │
│                                                                              │
│                                                                              │
└──────────────────────────────────────────────────────────────────────────────┘
fixture.md  All  q quit  ? help
